cd ../ && cargo build -p blend-contract-sdk
   Compiling proc-macro2 v1.0.92
   Compiling unicode-ident v1.0.11
   Compiling version_check v0.9.4
   Compiling typenum v1.16.0
   Compiling autocfg v1.1.0
   Compiling libc v0.2.150
   Compiling serde v1.0.192
   Compiling serde_json v1.0.108
   Compiling semver v1.0.18
   Compiling fnv v1.0.7
   Compiling ident_case v1.0.1
   Compiling strsim v0.10.0
   Compiling syn v1.0.109
   Compiling thiserror v1.0.43
   Compiling paste v1.0.14
   Compiling num-traits v0.2.17
   Compiling num-integer v0.1.45
   Compiling generic-array v0.14.7
   Compiling num-bigint v0.4.3
   Compiling rustc_version v0.4.1
   Compiling ahash v0.8.11
   Compiling quote v1.0.37
   Compiling syn v2.0.90
   Compiling getrandom v0.2.11
   Compiling rand_core v0.6.4
   Compiling cpufeatures v0.2.9
   Compiling rand_chacha v0.3.1
   Compiling rand v0.8.5
   Compiling ff v0.13.0
   Compiling either v1.8.1
   Compiling group v0.13.0
   Compiling itertools v0.10.5
   Compiling libm v0.2.7
   Compiling ark-std v0.4.0
   Compiling wasmparser v0.116.1
   Compiling curve25519-dalek v4.1.3
   Compiling prettyplease v0.2.10
   Compiling keccak v0.1.4
   Compiling soroban-env-host v22.1.2
   Compiling soroban-sdk v22.0.4
   Compiling darling_core v0.20.3
   Compiling hashbrown v0.13.2
   Compiling block-buffer v0.10.4
   Compiling crypto-common v0.1.6
   Compiling digest v0.10.7
   Compiling wasmi_core v0.13.0
   Compiling sha2 v0.10.8
   Compiling serde_derive v1.0.192
   Compiling zeroize_derive v1.4.2
   Compiling thiserror-impl v1.0.43
   Compiling num-derive v0.4.1
   Compiling derive_arbitrary v1.3.2
   Compiling soroban-builtin-sdk-macros v22.1.2
   Compiling bytes-lit v0.0.5
   Compiling ctor v0.2.9
   Compiling ark-serialize-derive v0.4.2
   Compiling darling_macro v0.20.3
   Compiling derivative v2.2.0
   Compiling darling v0.20.3
   Compiling ark-ff-macros v0.4.2
   Compiling ark-ff-asm v0.4.2
   Compiling zeroize v1.8.1
   Compiling soroban-wasmi v0.31.1-soroban.20.0.1
   Compiling arbitrary v1.3.2
   Compiling serde_with_macros v3.4.0
   Compiling der v0.7.7
   Compiling sec1 v0.7.3
   Compiling crypto-bigint v0.5.2
   Compiling signature v2.1.0
   Compiling ark-serialize v0.4.2
   Compiling hmac v0.12.1
   Compiling ed25519 v2.2.2
   Compiling rfc6979 v0.4.0
   Compiling sha3 v0.10.8
   Compiling ark-ff v0.4.2
   Compiling elliptic-curve v0.13.8
   Compiling ed25519-dalek v2.1.1
   Compiling ecdsa v0.16.9
   Compiling primeorder v0.13.6
   Compiling p256 v0.13.2
   Compiling k256 v0.13.4
   Compiling hex v0.4.3
   Compiling serde_with v3.4.0
   Compiling crate-git-revision v0.0.6
   Compiling stellar-strkey v0.0.9
   Compiling stellar-xdr v22.1.0
   Compiling soroban-env-common v22.1.2
   Compiling soroban-sdk-macros v22.0.4
   Compiling ark-poly v0.4.2
   Compiling ark-ec v0.4.2
   Compiling ark-bls12-381 v0.4.0
   Compiling soroban-spec v22.0.4
   Compiling soroban-spec-rust v22.0.4
   Compiling soroban-env-macros v22.1.2
   Compiling soroban-ledger-snapshot v22.0.4
   Compiling blend-contract-sdk v1.22.0
    Finished `dev` profile [unoptimized + debuginfo] target(s) in 26.82s
cd ../ && cargo rustc --manifest-path=pool-factory/Cargo.toml --crate-type=cdylib --target=wasm32-unknown-unknown --release --features certora
    Finished `release` profile [optimized] target(s) in 0.13s
cd ../ && cargo rustc --manifest-path=backstop/Cargo.toml --crate-type=cdylib --target=wasm32-unknown-unknown --release --features certora
    Finished `release` profile [optimized] target(s) in 0.06s
cargo rustc --crate-type=cdylib --target=wasm32-unknown-unknown --release --features certora
   Compiling pool v1.0.0 (/Users/chandrakananandi/research/blend-contracts-v2/pool)
warning: unused import: `update_emissions`
 --> pool/src/emissions/mod.rs:5:38
  |
5 | pub use distributor::{execute_claim, update_emissions, set_user_emissions};
  |                                      ^^^^^^^^^^^^^^^^
  |
  = note: `#[warn(unused_imports)]` on by default

warning: unused import: `emissions`
 --> pool/src/pool/user.rs:4:35
  |
4 | use crate::{constants::SCALAR_12, emissions, storage, validator::require_nonnegative, PoolError};
  |                                   ^^^^^^^^^

warning: unused import: `cvlr_assume`
  --> pool/src/spec/health_rules.rs:10:34
   |
10 | use cvlr::asserts::{cvlr_assert, cvlr_assume, cvlr_satisfy};
   |                                  ^^^^^^^^^^^

warning: unused import: `cast::f64`
 --> pool/src/spec/user_rules.rs:1:5
  |
1 | use cast::f64;
  |     ^^^^^^^^^

warning: unused import: `Address`
 --> pool/src/spec/user_rules.rs:2:19
  |
2 | use soroban_sdk::{Address, Env};
  |                   ^^^^^^^

warning: unused import: `cvlr_satisfy`
 --> pool/src/spec/user_rules.rs:5:47
  |
5 | use cvlr::asserts::{cvlr_assert, cvlr_assume, cvlr_satisfy};
  |                                               ^^^^^^^^^^^^

warning: unused import: `cvlr::nondet::Nondet`
 --> pool/src/spec/user_rules.rs:6:5
  |
6 | use cvlr::nondet::Nondet;
  |     ^^^^^^^^^^^^^^^^^^^^

warning: unused import: `cvlr_soroban::nondet_address`
 --> pool/src/spec/user_rules.rs:7:5
  |
7 | use cvlr_soroban::nondet_address;
  |     ^^^^^^^^^^^^^^^^^^^^^^^^^^^^

warning: unused import: `crate::emissions::set_user_emissions`
 --> pool/src/spec/user_rules.rs:9:5
  |
9 | use crate::emissions::set_user_emissions;
  |     ^^^^^^^^^^^^^^^^^^^^^^^^^^^^^^^^^^^^

warning: unused import: `crate::ReserveConfig`
  --> pool/src/spec/user_rules.rs:12:5
   |
12 | use crate::ReserveConfig;
   |     ^^^^^^^^^^^^^^^^^^^^

warning: unused import: `super::summaries::interest::calc_ir`
  --> pool/src/spec/user_rules.rs:14:5
   |
14 | use super::summaries::interest::calc_ir;
   |     ^^^^^^^^^^^^^^^^^^^^^^^^^^^^^^^^^^^

warning: unused import: `Address`
 --> pool/src/spec/interest_rules.rs:1:19
  |
1 | use soroban_sdk::{Address, Env};
  |                   ^^^^^^^

warning: unused import: `cvlr_satisfy`
 --> pool/src/spec/interest_rules.rs:4:47
  |
4 | use cvlr::asserts::{cvlr_assert, cvlr_assume, cvlr_satisfy};
  |                                               ^^^^^^^^^^^^

warning: unused import: `cvlr::nondet::Nondet`
 --> pool/src/spec/interest_rules.rs:5:5
  |
5 | use cvlr::nondet::Nondet;
  |     ^^^^^^^^^^^^^^^^^^^^

warning: unused import: `cvlr_soroban::nondet_address`
 --> pool/src/spec/interest_rules.rs:6:5
  |
6 | use cvlr_soroban::nondet_address;
  |     ^^^^^^^^^^^^^^^^^^^^^^^^^^^^

warning: unused imports: `Address` and `Vec`
 --> pool/src/spec/solvency_rules.rs:1:19
  |
1 | use soroban_sdk::{Address, Env, Vec};
  |                   ^^^^^^^       ^^^

warning: unused import: `cvlr_satisfy`
 --> pool/src/spec/solvency_rules.rs:6:47
  |
6 | use cvlr::asserts::{cvlr_assert, cvlr_assume, cvlr_satisfy};
  |                                               ^^^^^^^^^^^^

warning: unused import: `cvlr::nondet::Nondet`
 --> pool/src/spec/solvency_rules.rs:7:5
  |
7 | use cvlr::nondet::Nondet;
  |     ^^^^^^^^^^^^^^^^^^^^

warning: unused import: `cvlr_soroban::nondet_address`
 --> pool/src/spec/solvency_rules.rs:8:5
  |
8 | use cvlr_soroban::nondet_address;
  |     ^^^^^^^^^^^^^^^^^^^^^^^^^^^^

warning: unused imports: `Pool` and `User`
  --> pool/src/spec/solvency_rules.rs:10:19
   |
10 | use crate::pool::{Pool, User, Reserve};
   |                   ^^^^  ^^^^

warning: unused import: `crate::pool::actions::Actions`
  --> pool/src/spec/solvency_rules.rs:11:5
   |
11 | use crate::pool::actions::Actions;
   |     ^^^^^^^^^^^^^^^^^^^^^^^^^^^^^

warning: unused import: `crate::pool::actions::apply_supply::apply_supply`
  --> pool/src/spec/solvency_rules.rs:12:5
   |
12 | use crate::pool::actions::apply_supply::apply_supply;
   |     ^^^^^^^^^^^^^^^^^^^^^^^^^^^^^^^^^^^^^^^^^^^^^^^^

warning: unused variable: `e`
   --> pool/src/pool/reserve.rs:101:51
    |
101 |     pub fn compute_new_backstop_credit(&mut self, e: &Env, mut new_backstop_credit: i128, accrued: i128, bstop_rate: u32) -> i128 {
    |                                                   ^ help: if this is intentional, prefix it with an underscore: `_e`
    |
    = note: `#[warn(unused_variables)]` on by default

warning: unused variable: `e`
  --> pool/src/spec/summaries/interest.rs:18:5
   |
18 |     e: &Env,
   |     ^ help: if this is intentional, prefix it with an underscore: `_e`

warning: unused variable: `ir_mod`
  --> pool/src/spec/summaries/interest.rs:21:5
   |
21 |     ir_mod: i128,
   |     ^^^^^^ help: if this is intentional, prefix it with an underscore: `_ir_mod`

warning: unused variable: `last_time`
  --> pool/src/spec/summaries/interest.rs:22:5
   |
22 |     last_time: u64,
   |     ^^^^^^^^^ help: if this is intentional, prefix it with an underscore: `_last_time`

warning: function `update_emissions` is never used
  --> pool/src/emissions/distributor.rs:79:8
   |
79 | pub fn update_emissions(
   |        ^^^^^^^^^^^^^^^^
   |
   = note: `#[warn(dead_code)]` on by default

warning: function `calc_accrual_summary` is never used
  --> pool/src/spec/summaries/interest.rs:37:8
   |
37 | pub fn calc_accrual_summary(e: &Env,
   |        ^^^^^^^^^^^^^^^^^^^^

warning: `pool` (lib) generated 28 warnings (run `cargo fix --lib -p pool` to apply 22 suggestions)
    Finished `release` profile [optimized] target(s) in 1.27s
